// Bun Snapshot v1, https://bun.sh/docs/test/snapshots

exports[`degree audit scraper creates stable cached audit data from an audit page 1`] = `
{
  "courses": {
    "course-1": {
      "code": "C S 314",
      "grade": "A",
      "hours": 3,
      "id": "course-1",
      "name": "Data Structures",
      "semester": "Fall 2025",
      "status": "Completed",
      "type": "In-Residence",
    },
    "course-2": {
      "code": "M 340L",
      "grade": "",
      "hours": 3,
      "id": "course-2",
      "name": "Matrices and Matrix Calculations",
      "semester": "Fall 2025",
      "status": "In Progress",
      "type": "Transfer",
    },
    "course-3": {
      "code": "C S 331",
      "grade": "",
      "hours": 3,
      "id": "course-3",
      "name": "Algorithms and Complexity",
      "semester": "Spring 2026",
      "status": "Planned",
      "type": "Credit By Exam",
    },
  },
  "requirements": [
    {
      "rules": [
        {
          "appliedHours": 2,
          "courses": [
            "course-1",
            "course-3",
          ],
          "progressUnit": "courses",
          "remainingHours": 1,
          "requiredHours": 3,
          "status": "In Progress",
          "text": "Complete three core courses",
        },
        {
          "appliedHours": 3,
          "courses": [
            "course-1",
          ],
          "progressUnit": "hours",
          "remainingHours": 0,
          "requiredHours": 3,
          "status": "Completed",
          "text": "Complete the programming requirement",
        },
      ],
      "title": "Computer Science Core",
    },
    {
      "rules": [
        {
          "appliedHours": 3,
          "courses": [
            "course-2",
          ],
          "progressUnit": "hours",
          "remainingHours": 3,
          "requiredHours": 6,
          "status": "Not Started",
          "text": "Complete six hours of mathematics",
        },
      ],
      "title": "Supporting Mathematics",
    },
  ],
}
`;

exports[`degree audit scraper parses a real UT audit page capture 1`] = `
{
  "courses": {
    "course-1": {
      "code": "C S  314",
      "grade": "B+",
      "hours": 3,
      "id": "course-1",
      "name": "DATA STRUCTURES",
      "semester": "Fall 2024",
      "status": "Completed",
      "type": "In-Residence",
    },
    "course-10": {
      "code": "HIS  301J",
      "grade": "CR",
      "hours": 3,
      "id": "course-10",
      "name": "GLOBALIZATION: A MODERN HIS",
      "semester": "Fall 2024",
      "status": "Completed",
      "type": "Credit by Exam",
    },
    "course-11": {
      "code": "GRG  305",
      "grade": "CR",
      "hours": 3,
      "id": "course-11",
      "name": "THIS HUMAN WORLD: INTRO TO GRG",
      "semester": "Fall 2024",
      "status": "Completed",
      "type": "Credit by Exam",
    },
    "course-12": {
      "code": "ECO  304L",
      "grade": "CR",
      "hours": 3,
      "id": "course-12",
      "name": "INTRODUCTION TO MACROECONOMICS",
      "semester": "Fall 2024",
      "status": "Completed",
      "type": "Credit by Exam",
    },
    "course-13": {
      "code": "C S  312",
      "grade": "CR",
      "hours": 3,
      "id": "course-13",
      "name": "INTRODUCTION TO PROGRAMMING",
      "semester": "Fall 2024",
      "status": "Completed",
      "type": "Credit by Exam",
    },
    "course-14": {
      "code": "C S  429",
      "grade": "B+",
      "hours": 4,
      "id": "course-14",
      "name": "COMP ORGANIZATN AND ARCH",
      "semester": "Spring 2025",
      "status": "Completed",
      "type": "In-Residence",
    },
    "course-15": {
      "code": "SDS  321",
      "grade": "A",
      "hours": 3,
      "id": "course-15",
      "name": "INTRO TO PROBABIL & STATISTICS",
      "semester": "Spring 2025",
      "status": "Completed",
      "type": "In-Residence",
    },
    "course-16": {
      "code": "C C  303",
      "grade": "A",
      "hours": 3,
      "id": "course-16",
      "name": "INTRO TO CLASSICAL MYTHOLOGY",
      "semester": "Spring 2025",
      "status": "Completed",
      "type": "In-Residence",
    },
    "course-17": {
      "code": "M  340L",
      "grade": "A",
      "hours": 3,
      "id": "course-17",
      "name": "MATRICES/MATRIX CALCULATNS-C S",
      "semester": "Spring 2025",
      "status": "Completed",
      "type": "In-Residence",
    },
    "course-18": {
      "code": "E  316N",
      "grade": "A",
      "hours": 3,
      "id": "course-18",
      "name": "WORLD LITERATURE",
      "semester": "Fall 2025",
      "status": "Completed",
      "type": "In-Residence",
    },
    "course-19": {
      "code": "C S  439",
      "grade": "A",
      "hours": 4,
      "id": "course-19",
      "name": "PRINCIPLES OF COMPUTER SYS-C S",
      "semester": "Fall 2025",
      "status": "Completed",
      "type": "In-Residence",
    },
    "course-2": {
      "code": "C S  311",
      "grade": "B+",
      "hours": 3,
      "id": "course-2",
      "name": "DISCRETE MATH FOR COMPUTER SCI",
      "semester": "Fall 2024",
      "status": "Completed",
      "type": "In-Residence",
    },
    "course-20": {
      "code": "GOV  312L",
      "grade": "A",
      "hours": 3,
      "id": "course-20",
      "name": "ISS & POLICIES IN AMER GOV-WB",
      "semester": "Fall 2025",
      "status": "Completed",
      "type": "In-Residence",
    },
    "course-21": {
      "code": "C C  302",
      "grade": "A",
      "hours": 3,
      "id": "course-21",
      "name": "INTRO TO ANCIENT ROME-WB",
      "semester": "Fall 2025",
      "status": "Completed",
      "type": "In-Residence",
    },
    "course-22": {
      "code": "C S  331",
      "grade": "",
      "hours": 3,
      "id": "course-22",
      "name": "ALGORITHMS AND COMPLEXITY",
      "semester": "Spring 2026",
      "status": "Completed",
      "type": "In-Residence",
    },
    "course-23": {
      "code": "SDS  322E",
      "grade": "",
      "hours": 3,
      "id": "course-23",
      "name": "ELEMENTS OF DATA SCIENCE",
      "semester": "Spring 2026",
      "status": "Completed",
      "type": "In-Residence",
    },
    "course-24": {
      "code": "SDS  320E",
      "grade": "",
      "hours": 3,
      "id": "course-24",
      "name": "ELEMENTS OF STATISTICS",
      "semester": "Spring 2026",
      "status": "Completed",
      "type": "In-Residence",
    },
    "course-25": {
      "code": "C S  350C",
      "grade": "",
      "hours": 3,
      "id": "course-25",
      "name": "ADVANCED COMP ARCHITECTURE",
      "semester": "Spring 2026",
      "status": "Completed",
      "type": "In-Residence",
    },
    "course-26": {
      "code": "EXP  000",
      "grade": "",
      "hours": NaN,
      "id": "course-26",
      "name": "INTERNSHIPS/CAREER EXPERIENCES",
      "semester": "Fall 2026",
      "status": "Planned",
      "type": "In-Residence",
    },
    "course-27": {
      "code": "C S  342S",
      "grade": "",
      "hours": 3,
      "id": "course-27",
      "name": "INTRO TO SPEECH/AUDIO PROCESSG",
      "semester": "Fall 2026",
      "status": "Planned",
      "type": "In-Residence",
    },
    "course-28": {
      "code": "C S  331E",
      "grade": "",
      "hours": NaN,
      "id": "course-28",
      "name": "ELMNTS SOFTWARE ENGINEER II",
      "semester": "Summer 2026",
      "status": "Planned",
      "type": "In-Residence",
    },
    "course-29": {
      "code": "C S  343",
      "grade": "",
      "hours": 3,
      "id": "course-29",
      "name": "ARTIFICIAL INTELLIGENCE",
      "semester": "Summer 2026",
      "status": "Planned",
      "type": "In-Residence",
    },
    "course-3": {
      "code": "UGS  016C",
      "grade": "CR",
      "hours": NaN,
      "id": "course-3",
      "name": "FIRST-YEAR CONNECTION SMNR-CNS",
      "semester": "Fall 2024",
      "status": "Completed",
      "type": "In-Residence",
    },
    "course-4": {
      "code": "M  408D",
      "grade": "B+",
      "hours": 4,
      "id": "course-4",
      "name": "SEQ, SERIES, AND MULTIVAR CALC",
      "semester": "Fall 2024",
      "status": "Completed",
      "type": "In-Residence",
    },
    "course-5": {
      "code": "C S  309",
      "grade": "A",
      "hours": 3,
      "id": "course-5",
      "name": "AI LITERACY: ESSENT OF AI-WB",
      "semester": "Fall 2024",
      "status": "Completed",
      "type": "In-Residence",
    },
    "course-6": {
      "code": "UGS  303",
      "grade": "A",
      "hours": 3,
      "id": "course-6",
      "name": "PHILOSOPHY & MEANING OF LIFE",
      "semester": "Fall 2024",
      "status": "Completed",
      "type": "In-Residence",
    },
    "course-7": {
      "code": "RHE  306",
      "grade": "CR",
      "hours": 3,
      "id": "course-7",
      "name": "RHETORIC AND WRITING",
      "semester": "Fall 2024",
      "status": "Completed",
      "type": "Credit by Exam",
    },
    "course-8": {
      "code": "M  408C",
      "grade": "CR",
      "hours": 4,
      "id": "course-8",
      "name": "DIFFEREN AND INTEGRAL CALCULUS",
      "semester": "Fall 2024",
      "status": "Completed",
      "type": "Credit by Exam",
    },
    "course-9": {
      "code": "HIS  315L",
      "grade": "CR",
      "hours": 3,
      "id": "course-9",
      "name": "THE UNITED STATES SINCE 1865",
      "semester": "Fall 2024",
      "status": "Completed",
      "type": "Credit by Exam",
    },
  },
  "requirements": [
    {
      "rules": [
        {
          "appliedHours": 3,
          "courses": [
            "course-6",
          ],
          "progressUnit": "hours",
          "remainingHours": 0,
          "requiredHours": 3,
          "status": "Completed",
          "text": "CORE (090): A first-year signature course (UGS 302 or 303 or the equivalent) is required.",
        },
        {
          "appliedHours": 3,
          "courses": [
            "course-7",
          ],
          "progressUnit": "hours",
          "remainingHours": 0,
          "requiredHours": 3,
          "status": "Completed",
          "text": "CORE (010): RHE 306 or its equivalent are required.",
        },
        {
          "appliedHours": 3,
          "courses": [
            "course-18",
          ],
          "progressUnit": "hours",
          "remainingHours": 0,
          "requiredHours": 3,
          "status": "Completed",
          "text": "CORE (040): 3 hours in humanities (E 316L, M, N, P, or the equivalent) are required.",
        },
        {
          "appliedHours": 3,
          "courses": [
            "course-20",
          ],
          "progressUnit": "hours",
          "remainingHours": 3,
          "requiredHours": 6,
          "status": "In Progress",
          "text": "CORE (070): 6 hours in American & Texas government, generally completed with GOV 310L (w/ both US & Texas legislative-required content) and GOV 312L when taken in-residence.",
        },
        {
          "appliedHours": 3,
          "courses": [
            "course-9",
          ],
          "progressUnit": "hours",
          "remainingHours": 3,
          "requiredHours": 6,
          "status": "In Progress",
          "text": "CORE (060): 6 hours in U.S. history, including no more than 3 hours in Texas history, are required.",
        },
        {
          "appliedHours": 3,
          "courses": [
            "course-11",
          ],
          "progressUnit": "hours",
          "remainingHours": 0,
          "requiredHours": 3,
          "status": "Completed",
          "text": "CORE (080): 3 hours in social and behavioral sciences are required.",
        },
        {
          "appliedHours": 3,
          "courses": [
            "course-24",
          ],
          "progressUnit": "hours",
          "remainingHours": 0,
          "requiredHours": 3,
          "status": "Completed",
          "text": "CORE (020): 3 hours in mathematics are required.",
        },
        {
          "appliedHours": 3,
          "courses": [
            "course-13",
          ],
          "progressUnit": "hours",
          "remainingHours": 6,
          "requiredHours": 9,
          "status": "In Progress",
          "text": 
"CORE (030 and 031/093): 9 hrs from Science & Technology Part I 
OR 
6 hrs from NST Part I & 3 hrs from NST Part II. See: https://ugs.utexas.edu/core/requirements/current"
,
        },
        {
          "appliedHours": 3,
          "courses": [
            "course-16",
          ],
          "progressUnit": "hours",
          "remainingHours": 0,
          "requiredHours": 3,
          "status": "Completed",
          "text": "CORE (050): 3 hours in the visual and performing arts are required.",
        },
        {
          "appliedHours": 0,
          "courses": [],
          "progressUnit": "hours",
          "remainingHours": 3,
          "requiredHours": 3,
          "status": "Not Started",
          "text": "CORE (010): 3 hours of writing-intensive coursework (designated C1 in the course schedule) not used otherwise in the Core.",
        },
        {
          "appliedHours": 27,
          "courses": [
            "course-6",
            "course-7",
            "course-9",
            "course-11",
            "course-13",
            "course-16",
            "course-18",
            "course-20",
            "course-24",
          ],
          "progressUnit": "hours",
          "remainingHours": 15,
          "requiredHours": 42,
          "status": "In Progress",
          "text": "42 hours are required to complete the core curriculum",
        },
      ],
      "title": "Core Curriculum",
    },
    {
      "rules": [
        {
          "appliedHours": 2,
          "courses": [
            "course-16",
            "course-21",
          ],
          "progressUnit": "courses",
          "remainingHours": 0,
          "requiredHours": 2,
          "status": "Completed",
          "text": "FL/CULTURE Option B: 1st semester proficiency, or the equivalent, in a FL and a three-semester-hour course in the culture of the same language area. Option C: 2 t-semester-hour courses in one foreign culture area chosen from an approved list.",
        },
      ],
      "title": "General Education",
    },
    {
      "rules": [
        {
          "appliedHours": 2,
          "courses": [
            "course-4",
            "course-8",
          ],
          "progressUnit": "courses",
          "remainingHours": 0,
          "requiredHours": 2,
          "status": "Completed",
          "text": "M 408C and 408D or M 408N, 408S and 408M",
        },
        {
          "appliedHours": 1,
          "courses": [
            "course-17",
          ],
          "progressUnit": "courses",
          "remainingHours": 0,
          "requiredHours": 1,
          "status": "Completed",
          "text": "M 340L or 341 or SDS 329C",
        },
        {
          "appliedHours": 1,
          "courses": [
            "course-15",
          ],
          "progressUnit": "courses",
          "remainingHours": 0,
          "requiredHours": 1,
          "status": "Completed",
          "text": "M 362K or SDS 321",
        },
        {
          "appliedHours": 0,
          "courses": [],
          "progressUnit": "courses",
          "remainingHours": 2,
          "requiredHours": 2,
          "status": "Not Started",
          "text": "One of the following sequences: (a) BIO 311C, 311D, or BIO 315H and 325H. (b) CH 301 or 301C and 302 or 302C; or (c) PHY 303K and 105M, 301 and 101L, or 317K and 105M; and 303L and 105N, 316 and 116L, or 317L and 105N.",
        },
        {
          "appliedHours": 0,
          "courses": [],
          "progressUnit": "hours",
          "remainingHours": 3,
          "requiredHours": 3,
          "status": "Not Started",
          "text": "Three to four additional hours chosen from: a) a different sequence listed in requirement 7; b) Geology 303 or 401;  or c) upper-division mathematics, excluding 325K, 340L, 341, and 362K.",
        },
        {
          "appliedHours": 2,
          "courses": [
            "course-2",
            "course-22",
          ],
          "progressUnit": "courses",
          "remainingHours": 0,
          "requiredHours": 2,
          "status": "Completed",
          "text": "THEORY: C S 311 or 311H, 331 or 331H",
        },
        {
          "appliedHours": 2,
          "courses": [
            "course-1",
            "course-13",
          ],
          "progressUnit": "courses",
          "remainingHours": 0,
          "requiredHours": 2,
          "status": "Completed",
          "text": "PROGRAMMING: C S 312 and 314 or 314H",
        },
        {
          "appliedHours": 2,
          "courses": [
            "course-14",
            "course-19",
          ],
          "progressUnit": "courses",
          "remainingHours": 0,
          "requiredHours": 2,
          "status": "Completed",
          "text": "SYSTEMS: C S 429 or 429H and 439 or 439H",
        },
        {
          "appliedHours": 9,
          "courses": [
            "course-25",
            "course-29",
            "course-27",
          ],
          "progressUnit": "hours",
          "remainingHours": 15,
          "requiredHours": 24,
          "status": "In Progress",
          "text": "Twenty four additional hours of approved upper-division coursework in computer science. Transfer work must be approved by an adviser.",
        },
      ],
      "title": "Major",
    },
    {
      "rules": [
        {
          "appliedHours": 0,
          "courses": [],
          "progressUnit": "hours",
          "remainingHours": 0,
          "requiredHours": 0,
          "status": "Completed",
          "text": "This major does not require a minor or certificate.",
        },
      ],
      "title": "Minor / Certificate",
    },
    {
      "rules": [
        {
          "appliedHours": 3.7766,
          "courses": [
            "course-1",
            "course-2",
            "course-4",
            "course-5",
            "course-6",
            "course-14",
            "course-15",
            "course-16",
            "course-17",
            "course-18",
            "course-19",
            "course-20",
            "course-21",
          ],
          "progressUnit": "hours",
          "remainingHours": 0,
          "requiredHours": 2,
          "status": "Completed",
          "text": "A University GPA of 2.00 is required on all courses undertaken (including credit by examination, correspondence, and extension) for which a grade or symbol other than Q, W, X, or CR is recorded.",
        },
        {
          "appliedHours": 3.6091,
          "courses": [
            "course-1",
            "course-2",
            "course-4",
            "course-8",
            "course-13",
            "course-14",
            "course-15",
            "course-17",
            "course-19",
          ],
          "progressUnit": "hours",
          "remainingHours": 0,
          "requiredHours": 2,
          "status": "Completed",
          "text": "Students must earn a grade point average of 2.0 in all mathematics and science courses required by the degree.",
        },
      ],
      "title": "GPA Totals",
    },
    {
      "rules": [
        {
          "appliedHours": 26,
          "courses": [
            "course-14",
            "course-15",
            "course-17",
            "course-19",
            "course-22",
            "course-25",
            "course-29",
            "course-27",
          ],
          "progressUnit": "hours",
          "remainingHours": 0,
          "requiredHours": 9,
          "status": "Completed",
          "text": "The University requires that at least 9 semester hours of advanced coursework in the major be completed in residence. Additional hours in the professional or major sequence in many cases are required by individual natural science degree programs.",
        },
        {
          "appliedHours": 60,
          "courses": [
            "course-1",
            "course-2",
            "course-4",
            "course-5",
            "course-6",
            "course-14",
            "course-15",
            "course-16",
            "course-17",
            "course-18",
            "course-19",
            "course-20",
            "course-21",
            "course-22",
            "course-23",
            "course-24",
            "course-25",
            "course-29",
            "course-27",
          ],
          "progressUnit": "hours",
          "remainingHours": 0,
          "requiredHours": 60,
          "status": "Completed",
          "text": "60 semester hours in residence are required.",
        },
        {
          "appliedHours": 32,
          "courses": [
            "course-14",
            "course-15",
            "course-17",
            "course-19",
            "course-22",
            "course-23",
            "course-24",
            "course-25",
            "course-29",
            "course-27",
          ],
          "progressUnit": "hours",
          "remainingHours": 10,
          "requiredHours": 42,
          "status": "In Progress",
          "text": "At least 42 hours of upper-division coursework is required.",
        },
        {
          "appliedHours": 20,
          "courses": [
            "course-14",
            "course-19",
            "course-22",
            "course-25",
            "course-29",
            "course-27",
          ],
          "progressUnit": "hours",
          "remainingHours": 1,
          "requiredHours": 21,
          "status": "In Progress",
          "text": "At least 21 hours of upper-division coursework in COMPUTER SCIENCES must be taken in residence.",
        },
        {
          "appliedHours": 82,
          "courses": [
            "course-1",
            "course-2",
            "course-4",
            "course-5",
            "course-6",
            "course-7",
            "course-8",
            "course-9",
            "course-10",
            "course-11",
            "course-12",
            "course-13",
            "course-14",
            "course-15",
            "course-16",
            "course-17",
            "course-18",
            "course-19",
            "course-20",
            "course-21",
            "course-22",
            "course-23",
            "course-24",
            "course-25",
            "course-29",
            "course-27",
          ],
          "progressUnit": "hours",
          "remainingHours": 38,
          "requiredHours": 120,
          "status": "In Progress",
          "text": "120 hours are required for the Bachelor of Science in Computer Science, Option: Computer Sciences.",
        },
      ],
      "title": "Credit Hour Totals",
    },
  ],
}
`;
