// Bun Snapshot v1, https://bun.sh/docs/test/snapshots

exports[`course catalog scraper creates stable catalog course objects from a results page 1`] = `
[
  {
    "core": [
      "Mathematics",
    ],
    "courseName": "DATA STRUCTURES: HONORS",
    "creditHours": 3,
    "department": "C S",
    "description": [
      "Study of data structures and algorithms.",
      "Includes lists, trees, graphs, and complexity analysis.",
    ],
    "flags": [
      "Writing",
      "Quantitative Reasoning",
    ],
    "fullName": "C S 314H DATA STRUCTURES: HONORS",
    "instructionMode": "Online",
    "instructors": [
      {
        "firstName": "Edsger",
        "fullName": "Dijkstra, Edsger W",
        "lastName": "Dijkstra",
        "middleInitial": "W",
      },
      {
        "firstName": "Grace",
        "fullName": "Hopper, Grace",
        "lastName": "Hopper",
        "middleInitial": undefined,
      },
    ],
    "isReserved": true,
    "number": "314H",
    "registerURL": "https://utdirect.utexas.edu/registration/choose/50100",
    "schedule": [
      {
        "days": "MWF",
        "hours": "10:00-11:00",
        "location": "GDC 2.216",
      },
      {
        "days": "T",
        "hours": "14:00-15:00",
        "location": "ONLINE",
      },
    ],
    "scrapedAt": "normalized",
    "semester": {
      "code": "20259",
      "season": "Fall",
      "year": 2025,
    },
    "status": "OPEN",
    "uniqueId": 50100,
    "url": "https://utdirect.utexas.edu/apps/registrar/course_schedule/20259/50100/",
  },
  {
    "core": [],
    "courseName": "DATA STRUCTURES: HONORS",
    "creditHours": 3,
    "department": "C S",
    "description": [
      "Study of data structures and algorithms.",
      "Includes lists, trees, graphs, and complexity analysis.",
    ],
    "flags": [
      "Independent Inquiry",
    ],
    "fullName": "C S 314H DATA STRUCTURES: HONORS",
    "instructionMode": "Hybrid",
    "instructors": [
      {
        "firstName": "Ada",
        "fullName": "Lovelace, Ada",
        "lastName": "Lovelace",
        "middleInitial": undefined,
      },
    ],
    "isReserved": false,
    "number": "314H",
    "registerURL": undefined,
    "schedule": [
      {
        "days": "TH",
        "hours": "12:30-14:00",
        "location": "GDC 4.302",
      },
    ],
    "scrapedAt": "normalized",
    "semester": {
      "code": "20259",
      "season": "Fall",
      "year": 2025,
    },
    "status": "WAITLISTED",
    "uniqueId": 50105,
    "url": "https://utdirect.utexas.edu/apps/registrar/course_schedule/20259/50105/",
  },
  {
    "core": [
      "Natural Science and Technology, Part I",
    ],
    "courseName": "COMPUTER PROGRAMMING: LABORATORY",
    "creditHours": 0.5,
    "department": "C S",
    "description": [
      "Study of data structures and algorithms.",
      "Includes lists, trees, graphs, and complexity analysis.",
    ],
    "flags": [],
    "fullName": "C S 105A COMPUTER PROGRAMMING: LABORATORY",
    "instructionMode": "In Person",
    "instructors": [
      {
        "firstName": "Alan",
        "fullName": "Turing, Alan M",
        "lastName": "Turing",
        "middleInitial": "M",
      },
    ],
    "isReserved": false,
    "number": "105A",
    "registerURL": undefined,
    "schedule": [
      {
        "days": "F",
        "hours": "09:00-11:00",
        "location": "GDC 1.406",
      },
    ],
    "scrapedAt": "normalized",
    "semester": {
      "code": "20259",
      "season": "Fall",
      "year": 2025,
    },
    "status": "CLOSED",
    "uniqueId": 50200,
    "url": "https://utdirect.utexas.edu/apps/registrar/course_schedule/20259/50200/",
  },
  {
    "core": [],
    "courseName": "COMPUTER PROGRAMMING: LABORATORY",
    "creditHours": 0.5,
    "department": "C S",
    "description": [
      "Study of data structures and algorithms.",
      "Includes lists, trees, graphs, and complexity analysis.",
    ],
    "flags": [],
    "fullName": "C S 105A COMPUTER PROGRAMMING: LABORATORY",
    "instructionMode": "In Person",
    "instructors": [],
    "isReserved": false,
    "number": "105A",
    "registerURL": undefined,
    "schedule": [],
    "scrapedAt": "normalized",
    "semester": {
      "code": "20259",
      "season": "Fall",
      "year": 2025,
    },
    "status": "CANCELLED",
    "uniqueId": 50205,
    "url": "https://utdirect.utexas.edu/apps/registrar/course_schedule/20259/results/?fos_fl=C%20S&level=U",
  },
]
`;

exports[`course catalog scraper parses a real UT results page capture 1`] = `
[
  {
    "core": [],
    "courseName": "PRINCIPLES OF COMPUTER SYS-C S",
    "creditHours": 4,
    "department": "C S",
    "description": [],
    "flags": [],
    "fullName": "C S 439 PRINCIPLES OF COMPUTER SYS-C S",
    "instructionMode": "Hybrid",
    "instructors": [
      {
        "firstName": "ALISON",
        "fullName": "NORMAN, ALISON N",
        "lastName": "NORMAN",
        "middleInitial": "N",
      },
    ],
    "isReserved": false,
    "number": "439",
    "registerURL": undefined,
    "schedule": [
      {
        "days": "MW",
        "hours": "9:00 a.m.-11:00 a.m.",
        "location": "GDC 1.304",
      },
      {
        "days": "F",
        "hours": "9:00 a.m.-11:00 a.m.",
        "location": "CBA 4.344",
      },
    ],
    "scrapedAt": "normalized",
    "semester": {
      "code": "20259",
      "season": "Fall",
      "year": 2025,
    },
    "status": "CLOSED",
    "uniqueId": 54910,
    "url": "https://utdirect.utexas.edu/apps/registrar/course_schedule/20259/54910/",
  },
  {
    "core": [],
    "courseName": "PRINCIPLES OF COMPUTER SYS-C S",
    "creditHours": 4,
    "department": "C S",
    "description": [],
    "flags": [],
    "fullName": "C S 439 PRINCIPLES OF COMPUTER SYS-C S",
    "instructionMode": "Hybrid",
    "instructors": [
      {
        "firstName": "ALISON",
        "fullName": "NORMAN, ALISON N",
        "lastName": "NORMAN",
        "middleInitial": "N",
      },
    ],
    "isReserved": false,
    "number": "439",
    "registerURL": undefined,
    "schedule": [
      {
        "days": "MW",
        "hours": "9:00 a.m.-11:00 a.m.",
        "location": "GDC 1.304",
      },
      {
        "days": "F",
        "hours": "11:00 a.m.-1:00 p.m.",
        "location": "CBA 4.324",
      },
    ],
    "scrapedAt": "normalized",
    "semester": {
      "code": "20259",
      "season": "Fall",
      "year": 2025,
    },
    "status": "CLOSED",
    "uniqueId": 54915,
    "url": "https://utdirect.utexas.edu/apps/registrar/course_schedule/20259/54915/",
  },
  {
    "core": [],
    "courseName": "PRINCIPLES OF COMPUTER SYS-C S",
    "creditHours": 4,
    "department": "C S",
    "description": [],
    "flags": [],
    "fullName": "C S 439 PRINCIPLES OF COMPUTER SYS-C S",
    "instructionMode": "Hybrid",
    "instructors": [
      {
        "firstName": "ALISON",
        "fullName": "NORMAN, ALISON N",
        "lastName": "NORMAN",
        "middleInitial": "N",
      },
    ],
    "isReserved": false,
    "number": "439",
    "registerURL": undefined,
    "schedule": [
      {
        "days": "MW",
        "hours": "9:00 a.m.-11:00 a.m.",
        "location": "GDC 1.304",
      },
      {
        "days": "F",
        "hours": "1:00 p.m.-3:00 p.m.",
        "location": "CBA 4.326",
      },
    ],
    "scrapedAt": "normalized",
    "semester": {
      "code": "20259",
      "season": "Fall",
      "year": 2025,
    },
    "status": "CLOSED",
    "uniqueId": 54920,
    "url": "https://utdirect.utexas.edu/apps/registrar/course_schedule/20259/54920/",
  },
  {
    "core": [],
    "courseName": "PRINCIPLES OF COMPUTER SYS-C S",
    "creditHours": 4,
    "department": "C S",
    "description": [],
    "flags": [],
    "fullName": "C S 439 PRINCIPLES OF COMPUTER SYS-C S",
    "instructionMode": "Hybrid",
    "instructors": [
      {
        "firstName": "ALISON",
        "fullName": "NORMAN, ALISON N",
        "lastName": "NORMAN",
        "middleInitial": "N",
      },
    ],
    "isReserved": false,
    "number": "439",
    "registerURL": undefined,
    "schedule": [
      {
        "days": "MW",
        "hours": "11:00 a.m.-1:00 p.m.",
        "location": "GDC 1.304",
      },
      {
        "days": "F",
        "hours": "9:00 a.m.-11:00 a.m.",
        "location": "CBA 4.326",
      },
    ],
    "scrapedAt": "normalized",
    "semester": {
      "code": "20259",
      "season": "Fall",
      "year": 2025,
    },
    "status": "CLOSED",
    "uniqueId": 54925,
    "url": "https://utdirect.utexas.edu/apps/registrar/course_schedule/20259/54925/",
  },
  {
    "core": [],
    "courseName": "PRINCIPLES OF COMPUTER SYS-C S",
    "creditHours": 4,
    "department": "C S",
    "description": [],
    "flags": [],
    "fullName": "C S 439 PRINCIPLES OF COMPUTER SYS-C S",
    "instructionMode": "Hybrid",
    "instructors": [
      {
        "firstName": "ALISON",
        "fullName": "NORMAN, ALISON N",
        "lastName": "NORMAN",
        "middleInitial": "N",
      },
    ],
    "isReserved": false,
    "number": "439",
    "registerURL": undefined,
    "schedule": [
      {
        "days": "MW",
        "hours": "11:00 a.m.-1:00 p.m.",
        "location": "GDC 1.304",
      },
      {
        "days": "F",
        "hours": "11:00 a.m.-1:00 p.m.",
        "location": "CBA 4.332",
      },
    ],
    "scrapedAt": "normalized",
    "semester": {
      "code": "20259",
      "season": "Fall",
      "year": 2025,
    },
    "status": "CLOSED",
    "uniqueId": 54930,
    "url": "https://utdirect.utexas.edu/apps/registrar/course_schedule/20259/54930/",
  },
  {
    "core": [],
    "courseName": "PRINCIPLES OF COMPUTER SYS-C S",
    "creditHours": 4,
    "department": "C S",
    "description": [],
    "flags": [],
    "fullName": "C S 439 PRINCIPLES OF COMPUTER SYS-C S",
    "instructionMode": "Hybrid",
    "instructors": [
      {
        "firstName": "ALISON",
        "fullName": "NORMAN, ALISON N",
        "lastName": "NORMAN",
        "middleInitial": "N",
      },
    ],
    "isReserved": false,
    "number": "439",
    "registerURL": undefined,
    "schedule": [
      {
        "days": "MW",
        "hours": "11:00 a.m.-1:00 p.m.",
        "location": "GDC 1.304",
      },
      {
        "days": "F",
        "hours": "1:00 p.m.-3:00 p.m.",
        "location": "CBA 4.330",
      },
    ],
    "scrapedAt": "normalized",
    "semester": {
      "code": "20259",
      "season": "Fall",
      "year": 2025,
    },
    "status": "CLOSED",
    "uniqueId": 54935,
    "url": "https://utdirect.utexas.edu/apps/registrar/course_schedule/20259/54935/",
  },
  {
    "core": [],
    "courseName": "PRINS OF COMPUTER SYS: HONORS",
    "creditHours": 4,
    "department": "C S",
    "description": [],
    "flags": [],
    "fullName": "C S 439H PRINS OF COMPUTER SYS: HONORS",
    "instructionMode": "In Person",
    "instructors": [
      {
        "firstName": "AHMED",
        "fullName": "GHEITH, AHMED",
        "lastName": "GHEITH",
        "middleInitial": undefined,
      },
    ],
    "isReserved": true,
    "number": "439H",
    "registerURL": undefined,
    "schedule": [
      {
        "days": "MW",
        "hours": "4:00 p.m.-6:00 p.m.",
        "location": "CPE 2.220",
      },
      {
        "days": "F",
        "hours": "3:00 p.m.-5:00 p.m.",
        "location": "CPE 2.212",
      },
    ],
    "scrapedAt": "normalized",
    "semester": {
      "code": "20259",
      "season": "Fall",
      "year": 2025,
    },
    "status": "OPEN",
    "uniqueId": 54940,
    "url": "https://utdirect.utexas.edu/apps/registrar/course_schedule/20259/54940/",
  },
  {
    "core": [],
    "courseName": "PRINS OF COMPUTER SYS: HONORS",
    "creditHours": 4,
    "department": "C S",
    "description": [],
    "flags": [],
    "fullName": "C S 439H PRINS OF COMPUTER SYS: HONORS",
    "instructionMode": "In Person",
    "instructors": [
      {
        "firstName": "AHMED",
        "fullName": "GHEITH, AHMED",
        "lastName": "GHEITH",
        "middleInitial": undefined,
      },
    ],
    "isReserved": true,
    "number": "439H",
    "registerURL": undefined,
    "schedule": [
      {
        "days": "MW",
        "hours": "6:00 p.m.-8:00 p.m.",
        "location": "CPE 2.220",
      },
      {
        "days": "F",
        "hours": "3:00 p.m.-5:00 p.m.",
        "location": "CPE 2.210",
      },
    ],
    "scrapedAt": "normalized",
    "semester": {
      "code": "20259",
      "season": "Fall",
      "year": 2025,
    },
    "status": "OPEN",
    "uniqueId": 54945,
    "url": "https://utdirect.utexas.edu/apps/registrar/course_schedule/20259/54945/",
  },
  {
    "core": [],
    "courseName": "NEURAL NETWORKS",
    "creditHours": 3,
    "department": "C S",
    "description": [],
    "flags": [],
    "fullName": "C S 342 NEURAL NETWORKS",
    "instructionMode": "In Person",
    "instructors": [
      {
        "firstName": "PHILIPP",
        "fullName": "KRAEHENBUEHL, PHILIPP",
        "lastName": "KRAEHENBUEHL",
        "middleInitial": undefined,
      },
    ],
    "isReserved": true,
    "number": "342",
    "registerURL": undefined,
    "schedule": [
      {
        "days": "F",
        "hours": "1:00 p.m.-4:00 p.m.",
        "location": "GDC 2.216",
      },
    ],
    "scrapedAt": "normalized",
    "semester": {
      "code": "20259",
      "season": "Fall",
      "year": 2025,
    },
    "status": "OPEN",
    "uniqueId": 54950,
    "url": "https://utdirect.utexas.edu/apps/registrar/course_schedule/20259/54950/",
  },
  {
    "core": [],
    "courseName": "ARTIFICIAL INTELLIGENCE",
    "creditHours": 3,
    "department": "C S",
    "description": [],
    "flags": [],
    "fullName": "C S 343 ARTIFICIAL INTELLIGENCE",
    "instructionMode": "In Person",
    "instructors": [
      {
        "firstName": "ELAD",
        "fullName": "LIEBMAN, ELAD",
        "lastName": "LIEBMAN",
        "middleInitial": undefined,
      },
    ],
    "isReserved": false,
    "number": "343",
    "registerURL": undefined,
    "schedule": [
      {
        "days": "MF",
        "hours": "9:30 a.m.-11:00 a.m.",
        "location": "MEZ 1.306",
      },
    ],
    "scrapedAt": "normalized",
    "semester": {
      "code": "20259",
      "season": "Fall",
      "year": 2025,
    },
    "status": "CLOSED",
    "uniqueId": 54955,
    "url": "https://utdirect.utexas.edu/apps/registrar/course_schedule/20259/54955/",
  },
  {
    "core": [],
    "courseName": "PROGRAMMING LANGUAGES: HONORS",
    "creditHours": 3,
    "department": "C S",
    "description": [],
    "flags": [],
    "fullName": "C S 345H PROGRAMMING LANGUAGES: HONORS",
    "instructionMode": "In Person",
    "instructors": [
      {
        "firstName": "AHMED",
        "fullName": "GHEITH, AHMED",
        "lastName": "GHEITH",
        "middleInitial": undefined,
      },
    ],
    "isReserved": true,
    "number": "345H",
    "registerURL": undefined,
    "schedule": [
      {
        "days": "TTH",
        "hours": "3:30 p.m.-5:00 p.m.",
        "location": "CPE 2.210",
      },
    ],
    "scrapedAt": "normalized",
    "semester": {
      "code": "20259",
      "season": "Fall",
      "year": 2025,
    },
    "status": "OPEN",
    "uniqueId": 54959,
    "url": "https://utdirect.utexas.edu/apps/registrar/course_schedule/20259/54959/",
  },
  {
    "core": [],
    "courseName": "CRYPTOGRAPHY",
    "creditHours": 3,
    "department": "C S",
    "description": [],
    "flags": [],
    "fullName": "C S 346 CRYPTOGRAPHY",
    "instructionMode": "In Person",
    "instructors": [
      {
        "firstName": "DAVID",
        "fullName": "WU, DAVID JUNZI",
        "lastName": "WU",
        "middleInitial": "JUNZI",
      },
    ],
    "isReserved": true,
    "number": "346",
    "registerURL": undefined,
    "schedule": [
      {
        "days": "MW",
        "hours": "2:00 p.m.-3:30 p.m.",
        "location": "GDC 4.302",
      },
    ],
    "scrapedAt": "normalized",
    "semester": {
      "code": "20259",
      "season": "Fall",
      "year": 2025,
    },
    "status": "OPEN",
    "uniqueId": 54960,
    "url": "https://utdirect.utexas.edu/apps/registrar/course_schedule/20259/54960/",
  },
  {
    "core": [],
    "courseName": "DATA MANAGEMENT",
    "creditHours": 3,
    "department": "C S",
    "description": [],
    "flags": [],
    "fullName": "C S 347 DATA MANAGEMENT",
    "instructionMode": "In Person",
    "instructors": [
      {
        "firstName": "DANIEL",
        "fullName": "MIRANKER, DANIEL P",
        "lastName": "MIRANKER",
        "middleInitial": "P",
      },
    ],
    "isReserved": true,
    "number": "347",
    "registerURL": undefined,
    "schedule": [
      {
        "days": "TTH",
        "hours": "12:30 p.m.-2:00 p.m.",
        "location": "WAG 420",
      },
    ],
    "scrapedAt": "normalized",
    "semester": {
      "code": "20259",
      "season": "Fall",
      "year": 2025,
    },
    "status": "OPEN",
    "uniqueId": 54965,
    "url": "https://utdirect.utexas.edu/apps/registrar/course_schedule/20259/54965/",
  },
  {
    "core": [
      "Communication",
    ],
    "courseName": "CONTEMP ISSUES IN COMPUTER SCI",
    "creditHours": 3,
    "department": "C S",
    "description": [],
    "flags": [],
    "fullName": "C S 349 CONTEMP ISSUES IN COMPUTER SCI",
    "instructionMode": "In Person",
    "instructors": [],
    "isReserved": false,
    "number": "349",
    "registerURL": undefined,
    "schedule": [
      {
        "days": "TTH",
        "hours": "9:30 a.m.-11:00 a.m.",
        "location": " ",
      },
    ],
    "scrapedAt": "normalized",
    "semester": {
      "code": "20259",
      "season": "Fall",
      "year": 2025,
    },
    "status": "CANCELLED",
    "uniqueId": 54970,
    "url": "https://utdirect.utexas.edu/apps/registrar/course_schedule/20259/54970/",
  },
  {
    "core": [
      "Communication",
    ],
    "courseName": "CONTEMP ISSUES IN COMPUTER SCI",
    "creditHours": 3,
    "department": "C S",
    "description": [],
    "flags": [],
    "fullName": "C S 349 CONTEMP ISSUES IN COMPUTER SCI",
    "instructionMode": "In Person",
    "instructors": [
      {
        "firstName": "MICHELANN",
        "fullName": "QUIMBY, MICHELANN",
        "lastName": "QUIMBY",
        "middleInitial": undefined,
      },
    ],
    "isReserved": false,
    "number": "349",
    "registerURL": undefined,
    "schedule": [
      {
        "days": "MW",
        "hours": "11:00 a.m.-12:30 p.m.",
        "location": "BUR 224",
      },
    ],
    "scrapedAt": "normalized",
    "semester": {
      "code": "20259",
      "season": "Fall",
      "year": 2025,
    },
    "status": "CLOSED",
    "uniqueId": 54975,
    "url": "https://utdirect.utexas.edu/apps/registrar/course_schedule/20259/54975/",
  },
  {
    "core": [
      "Communication",
    ],
    "courseName": "CONTEMP ISSUES IN COMPUTER SCI",
    "creditHours": 3,
    "department": "C S",
    "description": [],
    "flags": [],
    "fullName": "C S 349 CONTEMP ISSUES IN COMPUTER SCI",
    "instructionMode": "In Person",
    "instructors": [
      {
        "firstName": "MICHELANN",
        "fullName": "QUIMBY, MICHELANN",
        "lastName": "QUIMBY",
        "middleInitial": undefined,
      },
    ],
    "isReserved": false,
    "number": "349",
    "registerURL": undefined,
    "schedule": [
      {
        "days": "MW",
        "hours": "3:30 p.m.-5:00 p.m.",
        "location": "UTC 4.102",
      },
    ],
    "scrapedAt": "normalized",
    "semester": {
      "code": "20259",
      "season": "Fall",
      "year": 2025,
    },
    "status": "CLOSED",
    "uniqueId": 54980,
    "url": "https://utdirect.utexas.edu/apps/registrar/course_schedule/20259/54980/",
  },
  {
    "core": [
      "Communication",
    ],
    "courseName": "CONTEMP ISSUES IN COMPUTER SCI",
    "creditHours": 3,
    "department": "C S",
    "description": [],
    "flags": [],
    "fullName": "C S 349 CONTEMP ISSUES IN COMPUTER SCI",
    "instructionMode": "In Person",
    "instructors": [],
    "isReserved": false,
    "number": "349",
    "registerURL": undefined,
    "schedule": [
      {
        "days": "TTH",
        "hours": "12:30 p.m.-2:00 p.m.",
        "location": " ",
      },
    ],
    "scrapedAt": "normalized",
    "semester": {
      "code": "20259",
      "season": "Fall",
      "year": 2025,
    },
    "status": "CANCELLED",
    "uniqueId": 54985,
    "url": "https://utdirect.utexas.edu/apps/registrar/course_schedule/20259/54985/",
  },
  {
    "core": [
      "Communication",
    ],
    "courseName": "CONTEMP ISSUES IN COMPUTER SCI",
    "creditHours": 3,
    "department": "C S",
    "description": [],
    "flags": [],
    "fullName": "C S 349 CONTEMP ISSUES IN COMPUTER SCI",
    "instructionMode": "In Person",
    "instructors": [
      {
        "firstName": "MICHELANN",
        "fullName": "QUIMBY, MICHELANN",
        "lastName": "QUIMBY",
        "middleInitial": undefined,
      },
    ],
    "isReserved": false,
    "number": "349",
    "registerURL": undefined,
    "schedule": [
      {
        "days": "MW",
        "hours": "2:00 p.m.-3:30 p.m.",
        "location": "UTC 4.102",
      },
    ],
    "scrapedAt": "normalized",
    "semester": {
      "code": "20259",
      "season": "Fall",
      "year": 2025,
    },
    "status": "CLOSED",
    "uniqueId": 54990,
    "url": "https://utdirect.utexas.edu/apps/registrar/course_schedule/20259/54990/",
  },
  {
    "core": [],
    "courseName": "GAME PROGRAMMING PARADIGMS",
    "creditHours": 3,
    "department": "C S",
    "description": [],
    "flags": [],
    "fullName": "C S 354P GAME PROGRAMMING PARADIGMS",
    "instructionMode": "In Person",
    "instructors": [
      {
        "firstName": "SARAH",
        "fullName": "ABRAHAM, SARAH ANNE",
        "lastName": "ABRAHAM",
        "middleInitial": "ANNE",
      },
    ],
    "isReserved": true,
    "number": "354P",
    "registerURL": undefined,
    "schedule": [
      {
        "days": "MWF",
        "hours": "3:00 p.m.-4:00 p.m.",
        "location": "GDC 5.302",
      },
    ],
    "scrapedAt": "normalized",
    "semester": {
      "code": "20259",
      "season": "Fall",
      "year": 2025,
    },
    "status": "OPEN",
    "uniqueId": 54995,
    "url": "https://utdirect.utexas.edu/apps/registrar/course_schedule/20259/54995/",
  },
  {
    "core": [],
    "courseName": "GAME TECHNOLOGY",
    "creditHours": 3,
    "department": "C S",
    "description": [],
    "flags": [],
    "fullName": "C S 354R GAME TECHNOLOGY",
    "instructionMode": "In Person",
    "instructors": [
      {
        "firstName": "SARAH",
        "fullName": "ABRAHAM, SARAH ANNE",
        "lastName": "ABRAHAM",
        "middleInitial": "ANNE",
      },
    ],
    "isReserved": true,
    "number": "354R",
    "registerURL": undefined,
    "schedule": [
      {
        "days": "MWF",
        "hours": "2:00 p.m.-3:00 p.m.",
        "location": "GDC 5.302",
      },
    ],
    "scrapedAt": "normalized",
    "semester": {
      "code": "20259",
      "season": "Fall",
      "year": 2025,
    },
    "status": "OPEN",
    "uniqueId": 55000,
    "url": "https://utdirect.utexas.edu/apps/registrar/course_schedule/20259/55000/",
  },
  {
    "core": [],
    "courseName": "GAME DEV CAPSTNE: 2-D GAMES",
    "creditHours": 3,
    "department": "C S",
    "description": [],
    "flags": [],
    "fullName": "C S 354S GAME DEV CAPSTNE: 2-D GAMES",
    "instructionMode": "In Person",
    "instructors": [
      {
        "firstName": "PAUL",
        "fullName": "TOPRAC, PAUL K",
        "lastName": "TOPRAC",
        "middleInitial": "K",
      },
    ],
    "isReserved": true,
    "number": "354S",
    "registerURL": undefined,
    "schedule": [
      {
        "days": "MW",
        "hours": "12:30 p.m.-2:00 p.m.",
        "location": "GDC 4.302",
      },
    ],
    "scrapedAt": "normalized",
    "semester": {
      "code": "20259",
      "season": "Fall",
      "year": 2025,
    },
    "status": "OPEN",
    "uniqueId": 55005,
    "url": "https://utdirect.utexas.edu/apps/registrar/course_schedule/20259/55005/",
  },
  {
    "core": [],
    "courseName": "COMPUTER NETWORKS",
    "creditHours": 3,
    "department": "C S",
    "description": [],
    "flags": [],
    "fullName": "C S 356 COMPUTER NETWORKS",
    "instructionMode": "In Person",
    "instructors": [
      {
        "firstName": "VENKAT",
        "fullName": "ARUN, VENKAT",
        "lastName": "ARUN",
        "middleInitial": undefined,
      },
    ],
    "isReserved": false,
    "number": "356",
    "registerURL": undefined,
    "schedule": [
      {
        "days": "TTH",
        "hours": "3:30 p.m.-5:00 p.m.",
        "location": "GDC 1.304",
      },
    ],
    "scrapedAt": "normalized",
    "semester": {
      "code": "20259",
      "season": "Fall",
      "year": 2025,
    },
    "status": "CLOSED",
    "uniqueId": 55010,
    "url": "https://utdirect.utexas.edu/apps/registrar/course_schedule/20259/55010/",
  },
  {
    "core": [],
    "courseName": "INTRO TO WIRELESS NETWORKS",
    "creditHours": 3,
    "department": "C S",
    "description": [],
    "flags": [],
    "fullName": "C S 356R INTRO TO WIRELESS NETWORKS",
    "instructionMode": "In Person",
    "instructors": [
      {
        "firstName": "LILI",
        "fullName": "QIU, LILI",
        "lastName": "QIU",
        "middleInitial": undefined,
      },
    ],
    "isReserved": false,
    "number": "356R",
    "registerURL": undefined,
    "schedule": [
      {
        "days": "MW",
        "hours": "3:30 p.m.-5:00 p.m.",
        "location": " ",
      },
    ],
    "scrapedAt": "normalized",
    "semester": {
      "code": "20259",
      "season": "Fall",
      "year": 2025,
    },
    "status": "CANCELLED",
    "uniqueId": 55015,
    "url": "https://utdirect.utexas.edu/apps/registrar/course_schedule/20259/55015/",
  },
  {
    "core": [],
    "courseName": "INTRO TO QUANTUM INFO SCI: HON",
    "creditHours": 3,
    "department": "C S",
    "description": [],
    "flags": [],
    "fullName": "C S 358H INTRO TO QUANTUM INFO SCI: HON",
    "instructionMode": "In Person",
    "instructors": [
      {
        "firstName": "SCOTT",
        "fullName": "AARONSON, SCOTT J",
        "lastName": "AARONSON",
        "middleInitial": "J",
      },
    ],
    "isReserved": true,
    "number": "358H",
    "registerURL": undefined,
    "schedule": [
      {
        "days": "TTH",
        "hours": "2:00 p.m.-3:30 p.m.",
        "location": "GDC 1.304",
      },
    ],
    "scrapedAt": "normalized",
    "semester": {
      "code": "20259",
      "season": "Fall",
      "year": 2025,
    },
    "status": "OPEN",
    "uniqueId": 55020,
    "url": "https://utdirect.utexas.edu/apps/registrar/course_schedule/20259/55020/",
  },
  {
    "core": [],
    "courseName": "VIRTUALIZATION",
    "creditHours": 3,
    "department": "C S",
    "description": [],
    "flags": [],
    "fullName": "C S 360V VIRTUALIZATION",
    "instructionMode": "In Person",
    "instructors": [
      {
        "firstName": "VIJAYC",
        "fullName": "VELAYUDHAN PILLAI, VIJAYC",
        "lastName": "VELAYUDHAN PILLAI",
        "middleInitial": undefined,
      },
    ],
    "isReserved": false,
    "number": "360V",
    "registerURL": undefined,
    "schedule": [
      {
        "days": "TTH",
        "hours": "3:30 p.m.-5:00 p.m.",
        "location": "GDC 5.302",
      },
    ],
    "scrapedAt": "normalized",
    "semester": {
      "code": "20259",
      "season": "Fall",
      "year": 2025,
    },
    "status": "CLOSED",
    "uniqueId": 55025,
    "url": "https://utdirect.utexas.edu/apps/registrar/course_schedule/20259/55025/",
  },
  {
    "core": [],
    "courseName": "NETWORK SECURITY AND PRIVACY",
    "creditHours": 3,
    "department": "C S",
    "description": [],
    "flags": [],
    "fullName": "C S 361S NETWORK SECURITY AND PRIVACY",
    "instructionMode": "In Person",
    "instructors": [
      {
        "firstName": "SHRAVAN",
        "fullName": "NARAYAN, SHRAVAN RAVI",
        "lastName": "NARAYAN",
        "middleInitial": "RAVI",
      },
    ],
    "isReserved": false,
    "number": "361S",
    "registerURL": undefined,
    "schedule": [
      {
        "days": "TTH",
        "hours": "12:30 p.m.-2:00 p.m.",
        "location": "JGB 2.218",
      },
    ],
    "scrapedAt": "normalized",
    "semester": {
      "code": "20259",
      "season": "Fall",
      "year": 2025,
    },
    "status": "CLOSED",
    "uniqueId": 55030,
    "url": "https://utdirect.utexas.edu/apps/registrar/course_schedule/20259/55030/",
  },
  {
    "core": [],
    "courseName": "PRINCIPLES OF MACHINE LEARN I",
    "creditHours": 3,
    "department": "C S",
    "description": [],
    "flags": [],
    "fullName": "C S 363M PRINCIPLES OF MACHINE LEARN I",
    "instructionMode": "In Person",
    "instructors": [
      {
        "firstName": "ANGELA",
        "fullName": "BEASLEY, ANGELA CHAPPELL",
        "lastName": "BEASLEY",
        "middleInitial": "CHAPPELL",
      },
    ],
    "isReserved": false,
    "number": "363M",
    "registerURL": undefined,
    "schedule": [
      {
        "days": "TTH",
        "hours": "9:30 a.m.-11:00 a.m.",
        "location": "GDC 1.304",
      },
    ],
    "scrapedAt": "normalized",
    "semester": {
      "code": "20259",
      "season": "Fall",
      "year": 2025,
    },
    "status": "CLOSED",
    "uniqueId": 55035,
    "url": "https://utdirect.utexas.edu/apps/registrar/course_schedule/20259/55035/",
  },
  {
    "core": [],
    "courseName": "PRINCIPLES OF MACHINE LEARN I",
    "creditHours": 3,
    "department": "C S",
    "description": [],
    "flags": [],
    "fullName": "C S 363M PRINCIPLES OF MACHINE LEARN I",
    "instructionMode": "In Person",
    "instructors": [
      {
        "firstName": "ANGELA",
        "fullName": "BEASLEY, ANGELA CHAPPELL",
        "lastName": "BEASLEY",
        "middleInitial": "CHAPPELL",
      },
    ],
    "isReserved": false,
    "number": "363M",
    "registerURL": undefined,
    "schedule": [
      {
        "days": "TTH",
        "hours": "11:00 a.m.-12:30 p.m.",
        "location": "GDC 1.304",
      },
    ],
    "scrapedAt": "normalized",
    "semester": {
      "code": "20259",
      "season": "Fall",
      "year": 2025,
    },
    "status": "CLOSED",
    "uniqueId": 55040,
    "url": "https://utdirect.utexas.edu/apps/registrar/course_schedule/20259/55040/",
  },
  {
    "core": [],
    "courseName": "PRINCPLS OF MACHINE LEARN I-WB",
    "creditHours": 3,
    "department": "C S",
    "description": [],
    "flags": [],
    "fullName": "C S 363M PRINCPLS OF MACHINE LEARN I-WB",
    "instructionMode": "Online",
    "instructors": [
      {
        "firstName": "ANGELA",
        "fullName": "BEASLEY, ANGELA CHAPPELL",
        "lastName": "BEASLEY",
        "middleInitial": "CHAPPELL",
      },
    ],
    "isReserved": false,
    "number": "363M",
    "registerURL": undefined,
    "schedule": [],
    "scrapedAt": "normalized",
    "semester": {
      "code": "20259",
      "season": "Fall",
      "year": 2025,
    },
    "status": "CLOSED",
    "uniqueId": 55045,
    "url": "https://utdirect.utexas.edu/apps/registrar/course_schedule/20259/55045/",
  },
  {
    "core": [],
    "courseName": "TRUSTWORTHY MACHINE LEARNING",
    "creditHours": 3,
    "department": "C S",
    "description": [],
    "flags": [],
    "fullName": "C S 365T TRUSTWORTHY MACHINE LEARNING",
    "instructionMode": "In Person",
    "instructors": [],
    "isReserved": false,
    "number": "365T",
    "registerURL": undefined,
    "schedule": [
      {
        "days": "MW",
        "hours": "3:30 p.m.-5:00 p.m.",
        "location": " ",
      },
    ],
    "scrapedAt": "normalized",
    "semester": {
      "code": "20259",
      "season": "Fall",
      "year": 2025,
    },
    "status": "CANCELLED",
    "uniqueId": 55050,
    "url": "https://utdirect.utexas.edu/apps/registrar/course_schedule/20259/55050/",
  },
  {
    "core": [],
    "courseName": "UNDERGRAD READING AND RESEARCH",
    "creditHours": 3,
    "department": "C S",
    "description": [],
    "flags": [],
    "fullName": "C S 370 UNDERGRAD READING AND RESEARCH",
    "instructionMode": "In Person",
    "instructors": [],
    "isReserved": false,
    "number": "370",
    "registerURL": undefined,
    "schedule": [],
    "scrapedAt": "normalized",
    "semester": {
      "code": "20259",
      "season": "Fall",
      "year": 2025,
    },
    "status": "CLOSED",
    "uniqueId": 55055,
    "url": "https://utdirect.utexas.edu/apps/registrar/course_schedule/20259/55055/",
  },
  {
    "core": [
      "Communication",
    ],
    "courseName": "UNDERGRAD RDG/RSCH: WRITING",
    "creditHours": 3,
    "department": "C S",
    "description": [],
    "flags": [],
    "fullName": "C S 370F UNDERGRAD RDG/RSCH: WRITING",
    "instructionMode": "In Person",
    "instructors": [],
    "isReserved": true,
    "number": "370F",
    "registerURL": undefined,
    "schedule": [],
    "scrapedAt": "normalized",
    "semester": {
      "code": "20259",
      "season": "Fall",
      "year": 2025,
    },
    "status": "OPEN",
    "uniqueId": 55060,
    "url": "https://utdirect.utexas.edu/apps/registrar/course_schedule/20259/55060/",
  },
  {
    "core": [],
    "courseName": "IOS MOBILE COMPUTING",
    "creditHours": 3,
    "department": "C S",
    "description": [],
    "flags": [],
    "fullName": "C S 371L IOS MOBILE COMPUTING",
    "instructionMode": "In Person",
    "instructors": [
      {
        "firstName": "WILLIAM",
        "fullName": "BULKO, WILLIAM C",
        "lastName": "BULKO",
        "middleInitial": "C",
      },
    ],
    "isReserved": false,
    "number": "371L",
    "registerURL": undefined,
    "schedule": [
      {
        "days": "MWF",
        "hours": "1:00 p.m.-2:00 p.m.",
        "location": "RLP 1.104",
      },
    ],
    "scrapedAt": "normalized",
    "semester": {
      "code": "20259",
      "season": "Fall",
      "year": 2025,
    },
    "status": "CLOSED",
    "uniqueId": 55065,
    "url": "https://utdirect.utexas.edu/apps/registrar/course_schedule/20259/55065/",
  },
  {
    "core": [],
    "courseName": "NATURAL LANGUAGE PROCESSING",
    "creditHours": 3,
    "department": "C S",
    "description": [],
    "flags": [],
    "fullName": "C S 371N NATURAL LANGUAGE PROCESSING",
    "instructionMode": "In Person",
    "instructors": [
      {
        "firstName": "FATMA",
        "fullName": "TARLACI, FATMA",
        "lastName": "TARLACI",
        "middleInitial": undefined,
      },
    ],
    "isReserved": true,
    "number": "371N",
    "registerURL": undefined,
    "schedule": [
      {
        "days": "TTH",
        "hours": "8:00 a.m.-9:30 a.m.",
        "location": "GDC 5.302",
      },
    ],
    "scrapedAt": "normalized",
    "semester": {
      "code": "20259",
      "season": "Fall",
      "year": 2025,
    },
    "status": "OPEN",
    "uniqueId": 55070,
    "url": "https://utdirect.utexas.edu/apps/registrar/course_schedule/20259/55070/",
  },
  {
    "core": [],
    "courseName": "OBJECT-ORIENTED PROGRAMMING",
    "creditHours": 3,
    "department": "C S",
    "description": [],
    "flags": [],
    "fullName": "C S 371P OBJECT-ORIENTED PROGRAMMING",
    "instructionMode": "In Person",
    "instructors": [
      {
        "firstName": "GLENN",
        "fullName": "DOWNING, GLENN P",
        "lastName": "DOWNING",
        "middleInitial": "P",
      },
    ],
    "isReserved": false,
    "number": "371P",
    "registerURL": undefined,
    "schedule": [
      {
        "days": "MWF",
        "hours": "1:00 p.m.-2:00 p.m.",
        "location": "GDC 1.304",
      },
    ],
    "scrapedAt": "normalized",
    "semester": {
      "code": "20259",
      "season": "Fall",
      "year": 2025,
    },
    "status": "CLOSED",
    "uniqueId": 55075,
    "url": "https://utdirect.utexas.edu/apps/registrar/course_schedule/20259/55075/",
  },
  {
    "core": [],
    "courseName": "INFO RETRIEVAL AND WEB SEARCH",
    "creditHours": 3,
    "department": "C S",
    "description": [],
    "flags": [],
    "fullName": "C S 371R INFO RETRIEVAL AND WEB SEARCH",
    "instructionMode": "In Person",
    "instructors": [
      {
        "firstName": "RAYMOND",
        "fullName": "MOONEY, RAYMOND J",
        "lastName": "MOONEY",
        "middleInitial": "J",
      },
    ],
    "isReserved": true,
    "number": "371R",
    "registerURL": undefined,
    "schedule": [
      {
        "days": "TTH",
        "hours": "9:30 a.m.-11:00 a.m.",
        "location": "GDC 5.302",
      },
    ],
    "scrapedAt": "normalized",
    "semester": {
      "code": "20259",
      "season": "Fall",
      "year": 2025,
    },
    "status": "OPEN",
    "uniqueId": 55080,
    "url": "https://utdirect.utexas.edu/apps/registrar/course_schedule/20259/55080/",
  },
  {
    "core": [
      "Communication",
    ],
    "courseName": "SOFTWARE ENGINEERING",
    "creditHours": 3,
    "department": "C S",
    "description": [],
    "flags": [],
    "fullName": "C S 373 SOFTWARE ENGINEERING",
    "instructionMode": "In Person",
    "instructors": [
      {
        "firstName": "GLENN",
        "fullName": "DOWNING, GLENN P",
        "lastName": "DOWNING",
        "middleInitial": "P",
      },
    ],
    "isReserved": false,
    "number": "373",
    "registerURL": undefined,
    "schedule": [
      {
        "days": "MWF",
        "hours": "10:00 a.m.-11:00 a.m.",
        "location": "RLP 1.106",
      },
    ],
    "scrapedAt": "normalized",
    "semester": {
      "code": "20259",
      "season": "Fall",
      "year": 2025,
    },
    "status": "CLOSED",
    "uniqueId": 55085,
    "url": "https://utdirect.utexas.edu/apps/registrar/course_schedule/20259/55085/",
  },
  {
    "core": [
      "Communication",
    ],
    "courseName": "SOFTWARE ENGINEERING",
    "creditHours": 3,
    "department": "C S",
    "description": [],
    "flags": [],
    "fullName": "C S 373 SOFTWARE ENGINEERING",
    "instructionMode": "In Person",
    "instructors": [
      {
        "firstName": "GLENN",
        "fullName": "DOWNING, GLENN P",
        "lastName": "DOWNING",
        "middleInitial": "P",
      },
    ],
    "isReserved": false,
    "number": "373",
    "registerURL": undefined,
    "schedule": [
      {
        "days": "MWF",
        "hours": "11:00 a.m.-12:00 p.m.",
        "location": "RLP 1.106",
      },
    ],
    "scrapedAt": "normalized",
    "semester": {
      "code": "20259",
      "season": "Fall",
      "year": 2025,
    },
    "status": "CLOSED",
    "uniqueId": 55090,
    "url": "https://utdirect.utexas.edu/apps/registrar/course_schedule/20259/55090/",
  },
  {
    "core": [
      "Communication",
    ],
    "courseName": "SOFTWARE ENGINEERING",
    "creditHours": 3,
    "department": "C S",
    "description": [],
    "flags": [],
    "fullName": "C S 373 SOFTWARE ENGINEERING",
    "instructionMode": "In Person",
    "instructors": [
      {
        "firstName": "JOAQUIN",
        "fullName": "PALACIOS, JOAQUIN MARCOS",
        "lastName": "PALACIOS",
        "middleInitial": "MARCOS",
      },
    ],
    "isReserved": false,
    "number": "373",
    "registerURL": undefined,
    "schedule": [
      {
        "days": "TTH",
        "hours": "11:00 a.m.-12:30 p.m.",
        "location": "RLP 1.106",
      },
    ],
    "scrapedAt": "normalized",
    "semester": {
      "code": "20259",
      "season": "Fall",
      "year": 2025,
    },
    "status": "CLOSED",
    "uniqueId": 55095,
    "url": "https://utdirect.utexas.edu/apps/registrar/course_schedule/20259/55095/",
  },
  {
    "core": [],
    "courseName": "LONGHORN STARTUP SEMINAR",
    "creditHours": 1,
    "department": "C S",
    "description": [],
    "flags": [],
    "fullName": "C S 174S LONGHORN STARTUP SEMINAR",
    "instructionMode": "In Person",
    "instructors": [
      {
        "firstName": "JOSHUA",
        "fullName": "BAER, JOSHUA DANA",
        "lastName": "BAER",
        "middleInitial": "DANA",
      },
    ],
    "isReserved": false,
    "number": "174S",
    "registerURL": undefined,
    "schedule": [
      {
        "days": "T",
        "hours": "3:30 p.m.-6:00 p.m.",
        "location": "WEL 3.502",
      },
    ],
    "scrapedAt": "normalized",
    "semester": {
      "code": "20259",
      "season": "Fall",
      "year": 2025,
    },
    "status": "OPEN",
    "uniqueId": 55100,
    "url": "https://utdirect.utexas.edu/apps/registrar/course_schedule/20259/55100/",
  },
]
`;

exports[`course catalog scraper parses course descriptions from a real detail-page capture 1`] = `
[
  "Restrictions vary with the topic.",
  "Prerequisite: Varies with the topic.",
  "Designed to accommodate 35 or fewer students. Restricted enrollment; contact the department for permission to register for this class. Course number may be repeated for credit when the topics vary.",
  "Restricted to students in the Freshman Research Initiative.",
]
`;
