// Bun Snapshot v1, https://bun.sh/docs/test/snapshots

exports[`planner View Courses parser parses a real UT planner capture 1`] = `
[
  {
    "code": "ARA 601C",
    "courseType": "1",
    "expired": false,
    "key": {
      "ccyys": "20272",
      "courseId": "ARA601C",
      "seq": "999",
    },
    "notes": "Planned residence",
    "passFail": false,
    "semester": "Spring 2027",
    "title": "INTENSIVE ARABIC I",
  },
  {
    "code": "M 110C",
    "courseType": "1",
    "expired": false,
    "key": {
      "ccyys": "20272",
      "courseId": "M  110C",
      "seq": "998",
    },
    "notes": "Planned residence",
    "passFail": false,
    "semester": "Spring 2027",
    "title": "CONFERENCE COURSE",
  },
]
`;

exports[`planner course listing parser parses a real UT listing capture 1`] = `
[
  {
    "ccyys": "20272",
    "code": "ADV 303",
    "department": "ADV",
    "href": "https://utdirect.utexas.edu/apps/degree/audits/planner/ut_course/?page=4&course_ccyys=20272&course_pass_fail=&course_type=1&dpt=ADV&course_num=303&course_topic_id=",
    "number": "303",
    "title": "ADVERTISING & POPULAR CULTURE",
    "topicId": null,
  },
  {
    "ccyys": "20272",
    "code": "ADV 305",
    "department": "ADV",
    "href": "https://utdirect.utexas.edu/apps/degree/audits/planner/ut_course/?page=4&course_ccyys=20272&course_pass_fail=&course_type=1&dpt=ADV&course_num=305&course_topic_id=",
    "number": "305",
    "title": "FUNDAMENTALS OF ADVERTISING",
    "topicId": null,
  },
  {
    "ccyys": "20272",
    "code": "ADV 305S",
    "department": "ADV",
    "href": "https://utdirect.utexas.edu/apps/degree/audits/planner/ut_course/?page=4&course_ccyys=20272&course_pass_fail=&course_type=1&dpt=ADV&course_num=305S&course_topic_id=",
    "number": "305S",
    "title": "INTEGRATED COMM FOR SPORTS",
    "topicId": null,
  },
  {
    "ccyys": "20272",
    "code": "ADV 309R",
    "department": "ADV",
    "href": "https://utdirect.utexas.edu/apps/degree/audits/planner/ut_course/?page=4&course_ccyys=20272&course_pass_fail=&course_type=1&dpt=ADV&course_num=309R&course_topic_id=",
    "number": "309R",
    "title": "INTRO TO ADV/PUBL RELS RSCH",
    "topicId": null,
  },
  {
    "ccyys": "20272",
    "code": "ADV 111",
    "department": "ADV",
    "href": "https://utdirect.utexas.edu/apps/degree/audits/planner/ut_course/?page=4&course_ccyys=20272&course_pass_fail=&course_type=1&dpt=ADV&course_num=111&course_topic_id=",
    "number": "111",
    "title": "TOPICS IN ADVERTISING",
    "topicId": null,
  },
  {
    "ccyys": "20272",
    "code": "ADV 211",
    "department": "ADV",
    "href": "https://utdirect.utexas.edu/apps/degree/audits/planner/ut_course/?page=4&course_ccyys=20272&course_pass_fail=&course_type=1&dpt=ADV&course_num=211&course_topic_id=",
    "number": "211",
    "title": "TOPICS IN ADVERTISING",
    "topicId": null,
  },
  {
    "ccyys": "20272",
    "code": "ADV 311",
    "department": "ADV",
    "href": "https://utdirect.utexas.edu/apps/degree/audits/planner/ut_course/?page=4&course_ccyys=20272&course_pass_fail=&course_type=1&dpt=ADV&course_num=311&course_topic_id=",
    "number": "311",
    "title": "TOPICS IN ADVERTISING",
    "topicId": null,
  },
  {
    "ccyys": "20272",
    "code": "ADV 314",
    "department": "ADV",
    "href": "https://utdirect.utexas.edu/apps/degree/audits/planner/ut_course/?page=4&course_ccyys=20272&course_pass_fail=&course_type=1&dpt=ADV&course_num=314&course_topic_id=",
    "number": "314",
    "title": "SOCIAL AND ETHICAL ISSUES",
    "topicId": null,
  },
  {
    "ccyys": "20272",
    "code": "ADV 315",
    "department": "ADV",
    "href": "https://utdirect.utexas.edu/apps/degree/audits/planner/ut_course/?page=4&course_ccyys=20272&course_pass_fail=&course_type=1&dpt=ADV&course_num=315&course_topic_id=",
    "number": "315",
    "title": "HISTORY & DEVEL OF ADVERTISING",
    "topicId": null,
  },
  {
    "ccyys": "20272",
    "code": "ADV 316",
    "department": "ADV",
    "href": "https://utdirect.utexas.edu/apps/degree/audits/planner/ut_course/?page=4&course_ccyys=20272&course_pass_fail=&course_type=1&dpt=ADV&course_num=316&course_topic_id=",
    "number": "316",
    "title": "CREATIVITY/AMERICAN CULTURE",
    "topicId": null,
  },
  {
    "ccyys": "20272",
    "code": "ADV 318J",
    "department": "ADV",
    "href": "https://utdirect.utexas.edu/apps/degree/audits/planner/ut_course/?page=4&course_ccyys=20272&course_pass_fail=&course_type=1&dpt=ADV&course_num=318J&course_topic_id=",
    "number": "318J",
    "title": "INTRO TO INTEGRTD BRAND COMM",
    "topicId": null,
  },
  {
    "ccyys": "20272",
    "code": "ADV 319",
    "department": "ADV",
    "href": "https://utdirect.utexas.edu/apps/degree/audits/planner/ut_course/?page=4&course_ccyys=20272&course_pass_fail=&course_type=1&dpt=ADV&course_num=319&course_topic_id=",
    "number": "319",
    "title": "PSYCHOLOGY OF ADVERTISING",
    "topicId": null,
  },
  {
    "ccyys": "20272",
    "code": "ADV 320",
    "department": "ADV",
    "href": "https://utdirect.utexas.edu/apps/degree/audits/planner/ut_course/?page=4&course_ccyys=20272&course_pass_fail=&course_type=1&dpt=ADV&course_num=320&course_topic_id=",
    "number": "320",
    "title": "INTEG COMM FOR NONPROF ORGS",
    "topicId": null,
  },
  {
    "ccyys": "20272",
    "code": "ADV 321",
    "department": "ADV",
    "href": "https://utdirect.utexas.edu/apps/degree/audits/planner/ut_course/?page=4&course_ccyys=20272&course_pass_fail=&course_type=1&dpt=ADV&course_num=321&course_topic_id=",
    "number": "321",
    "title": "LEADERSHIP AND ETHICS",
    "topicId": null,
  },
  {
    "ccyys": "20272",
    "code": "ADV 322",
    "department": "ADV",
    "href": "https://utdirect.utexas.edu/apps/degree/audits/planner/ut_course/?page=4&course_ccyys=20272&course_pass_fail=&course_type=1&dpt=ADV&course_num=322&course_topic_id=",
    "number": "322",
    "title": "HLTH COMM: MSSGS/CMPGNS/MED",
    "topicId": null,
  },
  {
    "ccyys": "20272",
    "code": "ADV 323",
    "department": "ADV",
    "href": "https://utdirect.utexas.edu/apps/degree/audits/planner/ut_course/?page=4&course_ccyys=20272&course_pass_fail=&course_type=1&dpt=ADV&course_num=323&course_topic_id=",
    "number": "323",
    "title": "PUBLIC COMM OF SCIENCE/TECH",
    "topicId": null,
  },
  {
    "ccyys": "20272",
    "code": "ADV 324",
    "department": "ADV",
    "href": "https://utdirect.utexas.edu/apps/degree/audits/planner/ut_course/?page=4&course_ccyys=20272&course_pass_fail=&course_type=1&dpt=ADV&course_num=324&course_topic_id=",
    "number": "324",
    "title": "COMMUNICATING SUSTAINABILITY",
    "topicId": null,
  },
  {
    "ccyys": "20272",
    "code": "ADV 325",
    "department": "ADV",
    "href": "https://utdirect.utexas.edu/apps/degree/audits/planner/ut_course/?page=4&course_ccyys=20272&course_pass_fail=&course_type=1&dpt=ADV&course_num=325&course_topic_id=",
    "number": "325",
    "title": "INTRO TO ADVERTISING CREATVTY",
    "topicId": null,
  },
  {
    "ccyys": "20272",
    "code": "ADV 327",
    "department": "ADV",
    "href": "https://utdirect.utexas.edu/apps/degree/audits/planner/ut_course/?page=4&course_ccyys=20272&course_pass_fail=&course_type=1&dpt=ADV&course_num=327&course_topic_id=",
    "number": "327",
    "title": "ACCOUNT PLANNING",
    "topicId": null,
  },
  {
    "ccyys": "20272",
    "code": "ADV 328",
    "department": "ADV",
    "href": "https://utdirect.utexas.edu/apps/degree/audits/planner/ut_course/?page=4&course_ccyys=20272&course_pass_fail=&course_type=1&dpt=ADV&course_num=328&course_topic_id=",
    "number": "328",
    "title": "PSYCHOLGY OF VIDEO GAME ADV",
    "topicId": null,
  },
  {
    "ccyys": "20272",
    "code": "ADV 330",
    "department": "ADV",
    "href": "https://utdirect.utexas.edu/apps/degree/audits/planner/ut_course/?page=4&course_ccyys=20272&course_pass_fail=&course_type=1&dpt=ADV&course_num=330&course_topic_id=",
    "number": "330",
    "title": "STRATEGIC SCIENCE COMM",
    "topicId": null,
  },
  {
    "ccyys": "20272",
    "code": "ADV 331",
    "department": "ADV",
    "href": "https://utdirect.utexas.edu/apps/degree/audits/planner/ut_course/?page=4&course_ccyys=20272&course_pass_fail=&course_type=1&dpt=ADV&course_num=331&course_topic_id=",
    "number": "331",
    "title": "ENVIRONMENTAL COMM CAMPAIGNS",
    "topicId": null,
  },
  {
    "ccyys": "20272",
    "code": "ADV 332",
    "department": "ADV",
    "href": "https://utdirect.utexas.edu/apps/degree/audits/planner/ut_course/?page=4&course_ccyys=20272&course_pass_fail=&course_type=1&dpt=ADV&course_num=332&course_topic_id=",
    "number": "332",
    "title": "TECHNOLOGY MARKETING/ADV",
    "topicId": null,
  },
  {
    "ccyys": "20272",
    "code": "ADV 332C",
    "department": "ADV",
    "href": "https://utdirect.utexas.edu/apps/degree/audits/planner/ut_course/?page=4&course_ccyys=20272&course_pass_fail=&course_type=1&dpt=ADV&course_num=332C&course_topic_id=",
    "number": "332C",
    "title": "NEW MEDIA ENTREPRENEURIALISM",
    "topicId": null,
  },
  {
    "ccyys": "20272",
    "code": "ADV 332D",
    "department": "ADV",
    "href": "https://utdirect.utexas.edu/apps/degree/audits/planner/ut_course/?page=4&course_ccyys=20272&course_pass_fail=&course_type=1&dpt=ADV&course_num=332D&course_topic_id=",
    "number": "332D",
    "title": "ENTREPRENEURIALISM IN COMM",
    "topicId": null,
  },
  {
    "ccyys": "20272",
    "code": "ADV 334",
    "department": "ADV",
    "href": "https://utdirect.utexas.edu/apps/degree/audits/planner/ut_course/?page=4&course_ccyys=20272&course_pass_fail=&course_type=1&dpt=ADV&course_num=334&course_topic_id=",
    "number": "334",
    "title": "INTERNATIONAL ADVERTISING",
    "topicId": null,
  },
  {
    "ccyys": "20272",
    "code": "ADV 336",
    "department": "ADV",
    "href": "https://utdirect.utexas.edu/apps/degree/audits/planner/ut_course/?page=4&course_ccyys=20272&course_pass_fail=&course_type=1&dpt=ADV&course_num=336&course_topic_id=",
    "number": "336",
    "title": "TPCS IN MULTICUL ISS IN ADV/PR",
    "topicId": null,
  },
  {
    "ccyys": "20272",
    "code": "ADV 338K",
    "department": "ADV",
    "href": "https://utdirect.utexas.edu/apps/degree/audits/planner/ut_course/?page=4&course_ccyys=20272&course_pass_fail=&course_type=1&dpt=ADV&course_num=338K&course_topic_id=",
    "number": "338K",
    "title": "DIGITAL CREATIVE PORTFOLIO",
    "topicId": null,
  },
  {
    "ccyys": "20272",
    "code": "ADV 338L",
    "department": "ADV",
    "href": "https://utdirect.utexas.edu/apps/degree/audits/planner/ut_course/?page=4&course_ccyys=20272&course_pass_fail=&course_type=1&dpt=ADV&course_num=338L&course_topic_id=",
    "number": "338L",
    "title": "COPYWRITING",
    "topicId": null,
  },
  {
    "ccyys": "20272",
    "code": "ADV 339K",
    "department": "ADV",
    "href": "https://utdirect.utexas.edu/apps/degree/audits/planner/ut_course/?page=4&course_ccyys=20272&course_pass_fail=&course_type=1&dpt=ADV&course_num=339K&course_topic_id=",
    "number": "339K",
    "title": "DIGITAL GRAPHIC COMM",
    "topicId": null,
  },
  {
    "ccyys": "20272",
    "code": "ADV 339L",
    "department": "ADV",
    "href": "https://utdirect.utexas.edu/apps/degree/audits/planner/ut_course/?page=4&course_ccyys=20272&course_pass_fail=&course_type=1&dpt=ADV&course_num=339L&course_topic_id=",
    "number": "339L",
    "title": "BRAND STORYTELLING",
    "topicId": null,
  },
  {
    "ccyys": "20272",
    "code": "ADV 341S",
    "department": "ADV",
    "href": "https://utdirect.utexas.edu/apps/degree/audits/planner/ut_course/?page=4&course_ccyys=20272&course_pass_fail=&course_type=1&dpt=ADV&course_num=341S&course_topic_id=",
    "number": "341S",
    "title": "RESEARCH IN SPORTS COMM/MEDIA",
    "topicId": null,
  },
  {
    "ccyys": "20272",
    "code": "ADV 343K",
    "department": "ADV",
    "href": "https://utdirect.utexas.edu/apps/degree/audits/planner/ut_course/?page=4&course_ccyys=20272&course_pass_fail=&course_type=1&dpt=ADV&course_num=343K&course_topic_id=",
    "number": "343K",
    "title": "PORTFOLIO I",
    "topicId": null,
  },
  {
    "ccyys": "20272",
    "code": "ADV 344K",
    "department": "ADV",
    "href": "https://utdirect.utexas.edu/apps/degree/audits/planner/ut_course/?page=4&course_ccyys=20272&course_pass_fail=&course_type=1&dpt=ADV&course_num=344K&course_topic_id=",
    "number": "344K",
    "title": "ADVRT/PUBL RELATN RESEARCH",
    "topicId": null,
  },
  {
    "ccyys": "20272",
    "code": "ADV 345J",
    "department": "ADV",
    "href": "https://utdirect.utexas.edu/apps/degree/audits/planner/ut_course/?page=4&course_ccyys=20272&course_pass_fail=&course_type=1&dpt=ADV&course_num=345J&course_topic_id=",
    "number": "345J",
    "title": "ADV/PUBL REL MEDIA PLANNING",
    "topicId": null,
  },
  {
    "ccyys": "20272",
    "code": "ADV 347C",
    "department": "ADV",
    "href": "https://utdirect.utexas.edu/apps/degree/audits/planner/ut_course/?page=4&course_ccyys=20272&course_pass_fail=&course_type=1&dpt=ADV&course_num=347C&course_topic_id=",
    "number": "347C",
    "title": "ART DIRECTION",
    "topicId": null,
  },
  {
    "ccyys": "20272",
    "code": "ADV 447C",
    "department": "ADV",
    "href": "https://utdirect.utexas.edu/apps/degree/audits/planner/ut_course/?page=4&course_ccyys=20272&course_pass_fail=&course_type=1&dpt=ADV&course_num=447C&course_topic_id=",
    "number": "447C",
    "title": "ART DIRECTION",
    "topicId": null,
  },
  {
    "ccyys": "20272",
    "code": "ADV 348S",
    "department": "ADV",
    "href": "https://utdirect.utexas.edu/apps/degree/audits/planner/ut_course/?page=4&course_ccyys=20272&course_pass_fail=&course_type=1&dpt=ADV&course_num=348S&course_topic_id=",
    "number": "348S",
    "title": "THE BUSINESS OF SPORTS MEDIA",
    "topicId": null,
  },
  {
    "ccyys": "20272",
    "code": "ADV 350",
    "department": "ADV",
    "href": "https://utdirect.utexas.edu/apps/degree/audits/planner/ut_course/?page=4&course_ccyys=20272&course_pass_fail=&course_type=1&dpt=ADV&course_num=350&course_topic_id=",
    "number": "350",
    "title": "ADVERTISING INTERNSHIP",
    "topicId": null,
  },
  {
    "ccyys": "20272",
    "code": "ADV 650",
    "department": "ADV",
    "href": "https://utdirect.utexas.edu/apps/degree/audits/planner/ut_course/?page=4&course_ccyys=20272&course_pass_fail=&course_type=1&dpt=ADV&course_num=650&course_topic_id=",
    "number": "650",
    "title": "ADVERTISING INTERNSHIP",
    "topicId": null,
  },
]
`;
